
[43m[30m WARN [39m[49m Issue while reading "/Users/cinu/Desktop/Runaway/.npmrc". Failed to replace env in config: ${TIPTAP}

> @repo/chrome-extension-react@1.0.0 build /Users/cinu/Desktop/Runaway/apps/chrome-extension-react
> node scripts/build.js

🚀 Building Chrome Extension React...
📦 Running Vite build...
[36mvite v5.4.19 [32mbuilding for production...[36m[39m
[2K[1Gtransforming (1) [2mpopup.html[22m[2K[1Gtransforming (7) [2msrc/utils/ProductDetector.ts[22m[2K[1Gtransforming (11) [2m../../node_modules/.pnpm/react@19.0.0/node_modules/react/jsx-runtime.js[22m[2K[1G[32m✓[39m 43 modules transformed.
[2K[1Grendering chunks (1)...[2K[1Grendering chunks (2)...[2K[1Grendering chunks (3)...[2K[1G[2K[1Gcomputing gzip size (0)...[2K[1Gcomputing gzip size (1)...[2K[1Gcomputing gzip size (2)...[2K[1Gcomputing gzip size (3)...[2K[1Gcomputing gzip size (4)...[2K[1Gcomputing gzip size (5)...[2K[1G[2mdist/[22m[32mpopup.html     [39m[1m[2m  0.50 kB[22m[1m[22m[2m │ gzip:  0.32 kB[22m
[2mdist/[22m[35mpopup.css      [39m[1m[2m 16.00 kB[22m[1m[22m[2m │ gzip:  3.79 kB[22m
[2mdist/[22m[36mbackground.js  [39m[1m[2m  0.30 kB[22m[1m[22m[2m │ gzip:  0.24 kB[22m
[2mdist/[22m[36mcontent.js     [39m[1m[2m 33.45 kB[22m[1m[22m[2m │ gzip: 10.17 kB[22m
[2mdist/[22m[36mpopup.js       [39m[1m[2m212.32 kB[22m[1m[22m[2m │ gzip: 65.51 kB[22m
[32m✓ built in 680ms[39m
📄 Copying manifest.json...
🎨 Copying icons...
node:fs:3087
  binding.copyFile(
          ^

Error: ENOENT: no such file or directory, copyfile '/Users/cinu/Desktop/Runaway/chrome-extension/icons/icon.svg' -> '/Users/cinu/Desktop/Runaway/apps/chrome-extension-react/dist/icons/icon.svg'
[90m    at copyFileSync (node:fs:3087:11)[39m
    at [90mfile:///Users/cinu/Desktop/Runaway/apps/chrome-extension-react/[39mscripts/build.js:34:1
[90m    at ModuleJob.run (node:internal/modules/esm/module_job:273:25)[39m
[90m    at async onImport.tracePromise.__proto__ (node:internal/modules/esm/loader:600:26)[39m
[90m    at async asyncRunEntryPointWithESMLoader (node:internal/modules/run_main:98:5)[39m {
  errno: [33m-2[39m,
  code: [32m'ENOENT'[39m,
  syscall: [32m'copyfile'[39m,
  path: [32m'/Users/cinu/Desktop/Runaway/chrome-extension/icons/icon.svg'[39m,
  dest: [32m'/Users/cinu/Desktop/Runaway/apps/chrome-extension-react/dist/icons/icon.svg'[39m
}

Node.js v23.9.0
[41m[30m ELIFECYCLE [39m[49m [31mCommand failed with exit code 1.[39m
