[    2303ms] [WARNING] Image with src "/auth-image.jpg" has "fill" but is missing "sizes" prop. Please add it to improve page performance. Read more: https://nextjs.org/docs/api-reference/next/image#sizes @ webpack-internal:///(app-pages-browser)/./node_modules/.pnpm/next@15.2.6_@babel+core@7.29.0_@opentelemetry+api@1.9.0_react-dom@19.1.1_react@19.1.1__react@19.1.1/node_modules/next/dist/shared/lib/utils/warn-once.js:15
[    2376ms] [WARNING] Clerk: Clerk has been loaded with development keys. Development instances have strict usage limits and should not be used when deploying your application to production. Learn more: https://clerk.com/docs/deployments/overview @ https://renewed-baboon-64.clerk.accounts.dev/npm/@clerk/clerk-js@5/dist/clerk.browser.js:18
[    2376ms] [WARNING] Clerk: The prop "afterSignInUrl" is deprecated and should be replaced with the new "fallbackRedirectUrl" or "forceRedirectUrl" props instead. Learn more: https://clerk.com/docs/guides/custom-redirects#redirect-url-props @ https://renewed-baboon-64.clerk.accounts.dev/npm/@clerk/clerk-js@5/dist/clerk.browser.js:18
[   48727ms] [ERROR] Failed to load resource: the server responded with a status of 404 () @ https://renewed-baboon-64.clerk.accounts.dev/favicon.ico:0
[   50371ms] [WARNING] Clerk: Clerk has been loaded with development keys. Development instances have strict usage limits and should not be used when deploying your application to production. Learn more: https://clerk.com/docs/deployments/overview @ https://renewed-baboon-64.clerk.accounts.dev/npm/@clerk/clerk-js@5/dist/clerk.browser.js:18
[   50371ms] [WARNING] Clerk: The prop "afterSignInUrl" is deprecated and should be replaced with the new "fallbackRedirectUrl" or "forceRedirectUrl" props instead. Learn more: https://clerk.com/docs/guides/custom-redirects#redirect-url-props @ https://renewed-baboon-64.clerk.accounts.dev/npm/@clerk/clerk-js@5/dist/clerk.browser.js:18
[  217912ms] [WARNING] [Fast Refresh] performing full reload

Fast Refresh will perform a full reload when you edit a file that's imported by modules outside of the React rendering tree.
You might have a file which exports a React component but also exports a value that is imported by a non-React component file.
Consider migrating the non-React component export to a separate file and importing it into both files.

It is also possible the parent component of the component you edited is a class component, which disables Fast Refresh.
Fast Refresh requires at least one parent function component in your React tree. @ webpack-internal:///(app-pages-browser)/./node_modules/.pnpm/next@15.2.6_@babel+core@7.29.0_@opentelemetry+api@1.9.0_react-dom@19.1.1_react@19.1.1__react@19.1.1/node_modules/next/dist/client/components/react-dev-overlay/app/hot-reloader-client.js:144
[  220427ms] [WARNING] Clerk: Clerk has been loaded with development keys. Development instances have strict usage limits and should not be used when deploying your application to production. Learn more: https://clerk.com/docs/deployments/overview @ https://renewed-baboon-64.clerk.accounts.dev/npm/@clerk/clerk-js@5/dist/clerk.browser.js:18
[  220427ms] [WARNING] Clerk: The prop "afterSignInUrl" is deprecated and should be replaced with the new "fallbackRedirectUrl" or "forceRedirectUrl" props instead. Learn more: https://clerk.com/docs/guides/custom-redirects#redirect-url-props @ https://renewed-baboon-64.clerk.accounts.dev/npm/@clerk/clerk-js@5/dist/clerk.browser.js:18
[  220459ms] [ERROR] Failed to load resource: the server responded with a status of 404 (Not Found) @ http://localhost:3001/favicon.ico:0
[  225550ms] [WARNING] Clerk: Clerk has been loaded with development keys. Development instances have strict usage limits and should not be used when deploying your application to production. Learn more: https://clerk.com/docs/deployments/overview @ https://renewed-baboon-64.clerk.accounts.dev/npm/@clerk/clerk-js@5/dist/clerk.browser.js:18
[  225550ms] [WARNING] Clerk: The prop "afterSignInUrl" is deprecated and should be replaced with the new "fallbackRedirectUrl" or "forceRedirectUrl" props instead. Learn more: https://clerk.com/docs/guides/custom-redirects#redirect-url-props @ https://renewed-baboon-64.clerk.accounts.dev/npm/@clerk/clerk-js@5/dist/clerk.browser.js:18
[  243910ms] [WARNING] [Fast Refresh] performing full reload

Fast Refresh will perform a full reload when you edit a file that's imported by modules outside of the React rendering tree.
You might have a file which exports a React component but also exports a value that is imported by a non-React component file.
Consider migrating the non-React component export to a separate file and importing it into both files.

It is also possible the parent component of the component you edited is a class component, which disables Fast Refresh.
Fast Refresh requires at least one parent function component in your React tree. @ webpack-internal:///(app-pages-browser)/./node_modules/.pnpm/next@15.2.6_@babel+core@7.29.0_@opentelemetry+api@1.9.0_react-dom@19.1.1_react@19.1.1__react@19.1.1/node_modules/next/dist/client/components/react-dev-overlay/app/hot-reloader-client.js:144
[  245976ms] [WARNING] Clerk: Clerk has been loaded with development keys. Development instances have strict usage limits and should not be used when deploying your application to production. Learn more: https://clerk.com/docs/deployments/overview @ https://renewed-baboon-64.clerk.accounts.dev/npm/@clerk/clerk-js@5/dist/clerk.browser.js:18
[  245976ms] [WARNING] Clerk: The prop "afterSignInUrl" is deprecated and should be replaced with the new "fallbackRedirectUrl" or "forceRedirectUrl" props instead. Learn more: https://clerk.com/docs/guides/custom-redirects#redirect-url-props @ https://renewed-baboon-64.clerk.accounts.dev/npm/@clerk/clerk-js@5/dist/clerk.browser.js:18
[  253238ms] [WARNING] Clerk: Clerk has been loaded with development keys. Development instances have strict usage limits and should not be used when deploying your application to production. Learn more: https://clerk.com/docs/deployments/overview @ https://renewed-baboon-64.clerk.accounts.dev/npm/@clerk/clerk-js@5/dist/clerk.browser.js:18
[  253238ms] [WARNING] Clerk: The prop "afterSignInUrl" is deprecated and should be replaced with the new "fallbackRedirectUrl" or "forceRedirectUrl" props instead. Learn more: https://clerk.com/docs/guides/custom-redirects#redirect-url-props @ https://renewed-baboon-64.clerk.accounts.dev/npm/@clerk/clerk-js@5/dist/clerk.browser.js:18
[  307165ms] [WARNING] [Fast Refresh] performing full reload

Fast Refresh will perform a full reload when you edit a file that's imported by modules outside of the React rendering tree.
You might have a file which exports a React component but also exports a value that is imported by a non-React component file.
Consider migrating the non-React component export to a separate file and importing it into both files.

It is also possible the parent component of the component you edited is a class component, which disables Fast Refresh.
Fast Refresh requires at least one parent function component in your React tree. @ webpack-internal:///(app-pages-browser)/./node_modules/.pnpm/next@15.2.6_@babel+core@7.29.0_@opentelemetry+api@1.9.0_react-dom@19.1.1_react@19.1.1__react@19.1.1/node_modules/next/dist/client/components/react-dev-overlay/app/hot-reloader-client.js:144
[  309417ms] [WARNING] Clerk: Clerk has been loaded with development keys. Development instances have strict usage limits and should not be used when deploying your application to production. Learn more: https://clerk.com/docs/deployments/overview @ https://renewed-baboon-64.clerk.accounts.dev/npm/@clerk/clerk-js@5/dist/clerk.browser.js:18
[  309418ms] [WARNING] Clerk: The prop "afterSignInUrl" is deprecated and should be replaced with the new "fallbackRedirectUrl" or "forceRedirectUrl" props instead. Learn more: https://clerk.com/docs/guides/custom-redirects#redirect-url-props @ https://renewed-baboon-64.clerk.accounts.dev/npm/@clerk/clerk-js@5/dist/clerk.browser.js:18
[  363101ms] [WARNING] Clerk: Clerk has been loaded with development keys. Development instances have strict usage limits and should not be used when deploying your application to production. Learn more: https://clerk.com/docs/deployments/overview @ https://renewed-baboon-64.clerk.accounts.dev/npm/@clerk/clerk-js@5/dist/clerk.browser.js:18
[  363101ms] [WARNING] Clerk: The prop "afterSignInUrl" is deprecated and should be replaced with the new "fallbackRedirectUrl" or "forceRedirectUrl" props instead. Learn more: https://clerk.com/docs/guides/custom-redirects#redirect-url-props @ https://renewed-baboon-64.clerk.accounts.dev/npm/@clerk/clerk-js@5/dist/clerk.browser.js:18
[ 1790163ms] [ERROR] Failed to load resource: the server responded with a status of 404 (Not Found) @ http://localhost:3001/logo-icon.svg:0
[ 2074612ms] [ERROR] ./components/ui/landing/Logo.tsx
Error: Failed to read source code from /Users/cinu/Desktop/myvibeproject/components/ui/landing/Logo.tsx

Caused by:
    No such file or directory (os error 2)

Import trace for requested module:
./components/ui/landing/Logo.tsx
./components/ui/landing/minimal/Navbar.tsx @ webpack-internal:///(app-pages-browser)/./node_modules/.pnpm/next@15.2.6_@babel+core@7.29.0_@opentelemetry+api@1.9.0_react-dom@19.1.1_react@19.1.1__react@19.1.1/node_modules/next/dist/client/components/globals/intercept-console-error.js:49
[ 2075005ms] [ERROR] ./components/ui/landing/Logo.tsx
Error: Failed to read source code from /Users/cinu/Desktop/myvibeproject/components/ui/landing/Logo.tsx

Caused by:
    No such file or directory (os error 2)

Import trace for requested module:
./components/ui/landing/Logo.tsx
./components/ui/landing/minimal/Navbar.tsx @ webpack-internal:///(app-pages-browser)/./node_modules/.pnpm/next@15.2.6_@babel+core@7.29.0_@opentelemetry+api@1.9.0_react-dom@19.1.1_react@19.1.1__react@19.1.1/node_modules/next/dist/client/components/globals/intercept-console-error.js:49
[ 2075321ms] [ERROR] ./components/ui/landing/Logo.tsx
Error: Failed to read source code from /Users/cinu/Desktop/myvibeproject/components/ui/landing/Logo.tsx

Caused by:
    No such file or directory (os error 2)

Import trace for requested module:
./components/ui/landing/Logo.tsx
./components/ui/landing/minimal/Navbar.tsx @ webpack-internal:///(app-pages-browser)/./node_modules/.pnpm/next@15.2.6_@babel+core@7.29.0_@opentelemetry+api@1.9.0_react-dom@19.1.1_react@19.1.1__react@19.1.1/node_modules/next/dist/client/components/globals/intercept-console-error.js:49
[ 2075621ms] [ERROR] ./components/ui/landing/Logo.tsx
Error: Failed to read source code from /Users/cinu/Desktop/myvibeproject/components/ui/landing/Logo.tsx

Caused by:
    No such file or directory (os error 2)

Import trace for requested module:
./components/ui/landing/Logo.tsx
./components/ui/landing/minimal/Navbar.tsx @ webpack-internal:///(app-pages-browser)/./node_modules/.pnpm/next@15.2.6_@babel+core@7.29.0_@opentelemetry+api@1.9.0_react-dom@19.1.1_react@19.1.1__react@19.1.1/node_modules/next/dist/client/components/globals/intercept-console-error.js:49
[ 2075945ms] [ERROR] ./components/ui/landing/Logo.tsx
Error: Failed to read source code from /Users/cinu/Desktop/myvibeproject/components/ui/landing/Logo.tsx

Caused by:
    No such file or directory (os error 2)

Import trace for requested module:
./components/ui/landing/Logo.tsx
./components/ui/landing/minimal/Navbar.tsx @ webpack-internal:///(app-pages-browser)/./node_modules/.pnpm/next@15.2.6_@babel+core@7.29.0_@opentelemetry+api@1.9.0_react-dom@19.1.1_react@19.1.1__react@19.1.1/node_modules/next/dist/client/components/globals/intercept-console-error.js:49
[ 2076204ms] [ERROR] ./components/ui/landing/Logo.tsx
Error: Failed to read source code from /Users/cinu/Desktop/myvibeproject/components/ui/landing/Logo.tsx

Caused by:
    No such file or directory (os error 2)

Import trace for requested module:
./components/ui/landing/Logo.tsx
./components/ui/landing/minimal/Navbar.tsx @ webpack-internal:///(app-pages-browser)/./node_modules/.pnpm/next@15.2.6_@babel+core@7.29.0_@opentelemetry+api@1.9.0_react-dom@19.1.1_react@19.1.1__react@19.1.1/node_modules/next/dist/client/components/globals/intercept-console-error.js:49
[ 2076461ms] [ERROR] ./components/ui/landing/Logo.tsx
Error: Failed to read source code from /Users/cinu/Desktop/myvibeproject/components/ui/landing/Logo.tsx

Caused by:
    No such file or directory (os error 2)

Import trace for requested module:
./components/ui/landing/Logo.tsx
./components/ui/landing/minimal/Navbar.tsx @ webpack-internal:///(app-pages-browser)/./node_modules/.pnpm/next@15.2.6_@babel+core@7.29.0_@opentelemetry+api@1.9.0_react-dom@19.1.1_react@19.1.1__react@19.1.1/node_modules/next/dist/client/components/globals/intercept-console-error.js:49
[ 2076727ms] [ERROR] ./components/ui/landing/Logo.tsx
Error: Failed to read source code from /Users/cinu/Desktop/myvibeproject/components/ui/landing/Logo.tsx

Caused by:
    No such file or directory (os error 2)

Import trace for requested module:
./components/ui/landing/Logo.tsx
./components/ui/landing/minimal/Navbar.tsx @ webpack-internal:///(app-pages-browser)/./node_modules/.pnpm/next@15.2.6_@babel+core@7.29.0_@opentelemetry+api@1.9.0_react-dom@19.1.1_react@19.1.1__react@19.1.1/node_modules/next/dist/client/components/globals/intercept-console-error.js:49
[ 2076968ms] [ERROR] ./components/ui/landing/Logo.tsx
Error: Failed to read source code from /Users/cinu/Desktop/myvibeproject/components/ui/landing/Logo.tsx

Caused by:
    No such file or directory (os error 2)

Import trace for requested module:
./components/ui/landing/Logo.tsx
./components/ui/landing/minimal/Navbar.tsx @ webpack-internal:///(app-pages-browser)/./node_modules/.pnpm/next@15.2.6_@babel+core@7.29.0_@opentelemetry+api@1.9.0_react-dom@19.1.1_react@19.1.1__react@19.1.1/node_modules/next/dist/client/components/globals/intercept-console-error.js:49
[ 2077232ms] [ERROR] ./components/ui/landing/Logo.tsx
Error: Failed to read source code from /Users/cinu/Desktop/myvibeproject/components/ui/landing/Logo.tsx

Caused by:
    No such file or directory (os error 2)

Import trace for requested module:
./components/ui/landing/Logo.tsx
./components/ui/landing/minimal/Navbar.tsx @ webpack-internal:///(app-pages-browser)/./node_modules/.pnpm/next@15.2.6_@babel+core@7.29.0_@opentelemetry+api@1.9.0_react-dom@19.1.1_react@19.1.1__react@19.1.1/node_modules/next/dist/client/components/globals/intercept-console-error.js:49
[ 2077484ms] [ERROR] ./components/ui/landing/Logo.tsx
Error: Failed to read source code from /Users/cinu/Desktop/myvibeproject/components/ui/landing/Logo.tsx

Caused by:
    No such file or directory (os error 2)

Import trace for requested module:
./components/ui/landing/Logo.tsx
./components/ui/landing/minimal/Navbar.tsx @ webpack-internal:///(app-pages-browser)/./node_modules/.pnpm/next@15.2.6_@babel+core@7.29.0_@opentelemetry+api@1.9.0_react-dom@19.1.1_react@19.1.1__react@19.1.1/node_modules/next/dist/client/components/globals/intercept-console-error.js:49
[ 2077745ms] [ERROR] ./components/ui/landing/Logo.tsx
Error: Failed to read source code from /Users/cinu/Desktop/myvibeproject/components/ui/landing/Logo.tsx

Caused by:
    No such file or directory (os error 2)

Import trace for requested module:
./components/ui/landing/Logo.tsx
./components/ui/landing/minimal/Navbar.tsx @ webpack-internal:///(app-pages-browser)/./node_modules/.pnpm/next@15.2.6_@babel+core@7.29.0_@opentelemetry+api@1.9.0_react-dom@19.1.1_react@19.1.1__react@19.1.1/node_modules/next/dist/client/components/globals/intercept-console-error.js:49
[ 2077997ms] [ERROR] ./components/ui/landing/Logo.tsx
Error: Failed to read source code from /Users/cinu/Desktop/myvibeproject/components/ui/landing/Logo.tsx

Caused by:
    No such file or directory (os error 2)

Import trace for requested module:
./components/ui/landing/Logo.tsx
./components/ui/landing/minimal/Navbar.tsx @ webpack-internal:///(app-pages-browser)/./node_modules/.pnpm/next@15.2.6_@babel+core@7.29.0_@opentelemetry+api@1.9.0_react-dom@19.1.1_react@19.1.1__react@19.1.1/node_modules/next/dist/client/components/globals/intercept-console-error.js:49
[ 2078829ms] [ERROR] ./components/ui/landing/Logo.tsx
Error: Failed to read source code from /Users/cinu/Desktop/myvibeproject/components/ui/landing/Logo.tsx

Caused by:
    No such file or directory (os error 2)

Import trace for requested module:
./components/ui/landing/Logo.tsx
./components/ui/landing/minimal/Navbar.tsx @ webpack-internal:///(app-pages-browser)/./node_modules/.pnpm/next@15.2.6_@babel+core@7.29.0_@opentelemetry+api@1.9.0_react-dom@19.1.1_react@19.1.1__react@19.1.1/node_modules/next/dist/client/components/globals/intercept-console-error.js:49
[ 2079082ms] [ERROR] ./components/ui/landing/Logo.tsx
Error: Failed to read source code from /Users/cinu/Desktop/myvibeproject/components/ui/landing/Logo.tsx

Caused by:
    No such file or directory (os error 2)

Import trace for requested module:
./components/ui/landing/Logo.tsx
./components/ui/landing/minimal/Navbar.tsx @ webpack-internal:///(app-pages-browser)/./node_modules/.pnpm/next@15.2.6_@babel+core@7.29.0_@opentelemetry+api@1.9.0_react-dom@19.1.1_react@19.1.1__react@19.1.1/node_modules/next/dist/client/components/globals/intercept-console-error.js:49
[ 2079353ms] [ERROR] ./components/ui/landing/Logo.tsx
Error: Failed to read source code from /Users/cinu/Desktop/myvibeproject/components/ui/landing/Logo.tsx

Caused by:
    No such file or directory (os error 2)

Import trace for requested module:
./components/ui/landing/Logo.tsx
./components/ui/landing/minimal/Navbar.tsx @ webpack-internal:///(app-pages-browser)/./node_modules/.pnpm/next@15.2.6_@babel+core@7.29.0_@opentelemetry+api@1.9.0_react-dom@19.1.1_react@19.1.1__react@19.1.1/node_modules/next/dist/client/components/globals/intercept-console-error.js:49
[ 2079661ms] [ERROR] ./components/ui/landing/Logo.tsx
Error: Failed to read source code from /Users/cinu/Desktop/myvibeproject/components/ui/landing/Logo.tsx

Caused by:
    No such file or directory (os error 2)

Import trace for requested module:
./components/ui/landing/Logo.tsx
./components/ui/landing/minimal/Navbar.tsx @ webpack-internal:///(app-pages-browser)/./node_modules/.pnpm/next@15.2.6_@babel+core@7.29.0_@opentelemetry+api@1.9.0_react-dom@19.1.1_react@19.1.1__react@19.1.1/node_modules/next/dist/client/components/globals/intercept-console-error.js:49
[ 2079949ms] [ERROR] ./components/ui/landing/Logo.tsx
Error: Failed to read source code from /Users/cinu/Desktop/myvibeproject/components/ui/landing/Logo.tsx

Caused by:
    No such file or directory (os error 2)

Import trace for requested module:
./components/ui/landing/Logo.tsx
./components/ui/landing/minimal/Navbar.tsx @ webpack-internal:///(app-pages-browser)/./node_modules/.pnpm/next@15.2.6_@babel+core@7.29.0_@opentelemetry+api@1.9.0_react-dom@19.1.1_react@19.1.1__react@19.1.1/node_modules/next/dist/client/components/globals/intercept-console-error.js:49
[ 2080269ms] [ERROR] ./components/ui/landing/Logo.tsx
Error: Failed to read source code from /Users/cinu/Desktop/myvibeproject/components/ui/landing/Logo.tsx

Caused by:
    No such file or directory (os error 2)

Import trace for requested module:
./components/ui/landing/Logo.tsx
./components/ui/landing/minimal/Navbar.tsx @ webpack-internal:///(app-pages-browser)/./node_modules/.pnpm/next@15.2.6_@babel+core@7.29.0_@opentelemetry+api@1.9.0_react-dom@19.1.1_react@19.1.1__react@19.1.1/node_modules/next/dist/client/components/globals/intercept-console-error.js:49
[ 2080579ms] [ERROR] ./components/ui/landing/Logo.tsx
Error: Failed to read source code from /Users/cinu/Desktop/myvibeproject/components/ui/landing/Logo.tsx

Caused by:
    No such file or directory (os error 2)

Import trace for requested module:
./components/ui/landing/Logo.tsx
./components/ui/landing/minimal/Navbar.tsx @ webpack-internal:///(app-pages-browser)/./node_modules/.pnpm/next@15.2.6_@babel+core@7.29.0_@opentelemetry+api@1.9.0_react-dom@19.1.1_react@19.1.1__react@19.1.1/node_modules/next/dist/client/components/globals/intercept-console-error.js:49
[ 2080877ms] [ERROR] ./components/ui/landing/Logo.tsx
Error: Failed to read source code from /Users/cinu/Desktop/myvibeproject/components/ui/landing/Logo.tsx

Caused by:
    No such file or directory (os error 2)

Import trace for requested module:
./components/ui/landing/Logo.tsx
./components/ui/landing/minimal/Navbar.tsx @ webpack-internal:///(app-pages-browser)/./node_modules/.pnpm/next@15.2.6_@babel+core@7.29.0_@opentelemetry+api@1.9.0_react-dom@19.1.1_react@19.1.1__react@19.1.1/node_modules/next/dist/client/components/globals/intercept-console-error.js:49
[ 2081176ms] [ERROR] ./components/ui/landing/Logo.tsx
Error: Failed to read source code from /Users/cinu/Desktop/myvibeproject/components/ui/landing/Logo.tsx

Caused by:
    No such file or directory (os error 2)

Import trace for requested module:
./components/ui/landing/Logo.tsx
./components/ui/landing/minimal/Navbar.tsx @ webpack-internal:///(app-pages-browser)/./node_modules/.pnpm/next@15.2.6_@babel+core@7.29.0_@opentelemetry+api@1.9.0_react-dom@19.1.1_react@19.1.1__react@19.1.1/node_modules/next/dist/client/components/globals/intercept-console-error.js:49
[ 2081475ms] [ERROR] ./components/ui/landing/Logo.tsx
Error: Failed to read source code from /Users/cinu/Desktop/myvibeproject/components/ui/landing/Logo.tsx

Caused by:
    No such file or directory (os error 2)

Import trace for requested module:
./components/ui/landing/Logo.tsx
./components/ui/landing/minimal/Navbar.tsx @ webpack-internal:///(app-pages-browser)/./node_modules/.pnpm/next@15.2.6_@babel+core@7.29.0_@opentelemetry+api@1.9.0_react-dom@19.1.1_react@19.1.1__react@19.1.1/node_modules/next/dist/client/components/globals/intercept-console-error.js:49
[ 2081780ms] [ERROR] ./components/ui/landing/Logo.tsx
Error: Failed to read source code from /Users/cinu/Desktop/myvibeproject/components/ui/landing/Logo.tsx

Caused by:
    No such file or directory (os error 2)

Import trace for requested module:
./components/ui/landing/Logo.tsx
./components/ui/landing/minimal/Navbar.tsx @ webpack-internal:///(app-pages-browser)/./node_modules/.pnpm/next@15.2.6_@babel+core@7.29.0_@opentelemetry+api@1.9.0_react-dom@19.1.1_react@19.1.1__react@19.1.1/node_modules/next/dist/client/components/globals/intercept-console-error.js:49
[ 2082062ms] [ERROR] ./components/ui/landing/Logo.tsx
Error: Failed to read source code from /Users/cinu/Desktop/myvibeproject/components/ui/landing/Logo.tsx

Caused by:
    No such file or directory (os error 2)

Import trace for requested module:
./components/ui/landing/Logo.tsx
./components/ui/landing/minimal/Navbar.tsx @ webpack-internal:///(app-pages-browser)/./node_modules/.pnpm/next@15.2.6_@babel+core@7.29.0_@opentelemetry+api@1.9.0_react-dom@19.1.1_react@19.1.1__react@19.1.1/node_modules/next/dist/client/components/globals/intercept-console-error.js:49
[ 2082358ms] [ERROR] ./components/ui/landing/Logo.tsx
Error: Failed to read source code from /Users/cinu/Desktop/myvibeproject/components/ui/landing/Logo.tsx

Caused by:
    No such file or directory (os error 2)

Import trace for requested module:
./components/ui/landing/Logo.tsx
./components/ui/landing/minimal/Navbar.tsx @ webpack-internal:///(app-pages-browser)/./node_modules/.pnpm/next@15.2.6_@babel+core@7.29.0_@opentelemetry+api@1.9.0_react-dom@19.1.1_react@19.1.1__react@19.1.1/node_modules/next/dist/client/components/globals/intercept-console-error.js:49
[ 2082663ms] [ERROR] ./components/ui/landing/Logo.tsx
Error: Failed to read source code from /Users/cinu/Desktop/myvibeproject/components/ui/landing/Logo.tsx

Caused by:
    No such file or directory (os error 2)

Import trace for requested module:
./components/ui/landing/Logo.tsx
./components/ui/landing/minimal/Navbar.tsx @ webpack-internal:///(app-pages-browser)/./node_modules/.pnpm/next@15.2.6_@babel+core@7.29.0_@opentelemetry+api@1.9.0_react-dom@19.1.1_react@19.1.1__react@19.1.1/node_modules/next/dist/client/components/globals/intercept-console-error.js:49
[ 2082939ms] [ERROR] ./components/ui/landing/Logo.tsx
Error: Failed to read source code from /Users/cinu/Desktop/myvibeproject/components/ui/landing/Logo.tsx

Caused by:
    No such file or directory (os error 2)

Import trace for requested module:
./components/ui/landing/Logo.tsx
./components/ui/landing/minimal/Navbar.tsx @ webpack-internal:///(app-pages-browser)/./node_modules/.pnpm/next@15.2.6_@babel+core@7.29.0_@opentelemetry+api@1.9.0_react-dom@19.1.1_react@19.1.1__react@19.1.1/node_modules/next/dist/client/components/globals/intercept-console-error.js:49
[ 2083233ms] [ERROR] ./components/ui/landing/Logo.tsx
Error: Failed to read source code from /Users/cinu/Desktop/myvibeproject/components/ui/landing/Logo.tsx

Caused by:
    No such file or directory (os error 2)

Import trace for requested module:
./components/ui/landing/Logo.tsx
./components/ui/landing/minimal/Navbar.tsx @ webpack-internal:///(app-pages-browser)/./node_modules/.pnpm/next@15.2.6_@babel+core@7.29.0_@opentelemetry+api@1.9.0_react-dom@19.1.1_react@19.1.1__react@19.1.1/node_modules/next/dist/client/components/globals/intercept-console-error.js:49
[ 2083917ms] [ERROR] ./components/ui/landing/Logo.tsx
Error: Failed to read source code from /Users/cinu/Desktop/myvibeproject/components/ui/landing/Logo.tsx

Caused by:
    No such file or directory (os error 2)

Import trace for requested module:
./components/ui/landing/Logo.tsx
./components/ui/landing/minimal/Navbar.tsx @ webpack-internal:///(app-pages-browser)/./node_modules/.pnpm/next@15.2.6_@babel+core@7.29.0_@opentelemetry+api@1.9.0_react-dom@19.1.1_react@19.1.1__react@19.1.1/node_modules/next/dist/client/components/globals/intercept-console-error.js:49
[ 2084178ms] [ERROR] ./components/ui/landing/Logo.tsx
Error: Failed to read source code from /Users/cinu/Desktop/myvibeproject/components/ui/landing/Logo.tsx

Caused by:
    No such file or directory (os error 2)

Import trace for requested module:
./components/ui/landing/Logo.tsx
./components/ui/landing/minimal/Navbar.tsx @ webpack-internal:///(app-pages-browser)/./node_modules/.pnpm/next@15.2.6_@babel+core@7.29.0_@opentelemetry+api@1.9.0_react-dom@19.1.1_react@19.1.1__react@19.1.1/node_modules/next/dist/client/components/globals/intercept-console-error.js:49
[ 2084421ms] [ERROR] ./components/ui/landing/Logo.tsx
Error: Failed to read source code from /Users/cinu/Desktop/myvibeproject/components/ui/landing/Logo.tsx

Caused by:
    No such file or directory (os error 2)

Import trace for requested module:
./components/ui/landing/Logo.tsx
./components/ui/landing/minimal/Navbar.tsx @ webpack-internal:///(app-pages-browser)/./node_modules/.pnpm/next@15.2.6_@babel+core@7.29.0_@opentelemetry+api@1.9.0_react-dom@19.1.1_react@19.1.1__react@19.1.1/node_modules/next/dist/client/components/globals/intercept-console-error.js:49
[ 2084677ms] [ERROR] ./components/ui/landing/Logo.tsx
Error: Failed to read source code from /Users/cinu/Desktop/myvibeproject/components/ui/landing/Logo.tsx

Caused by:
    No such file or directory (os error 2)

Import trace for requested module:
./components/ui/landing/Logo.tsx
./components/ui/landing/minimal/Navbar.tsx @ webpack-internal:///(app-pages-browser)/./node_modules/.pnpm/next@15.2.6_@babel+core@7.29.0_@opentelemetry+api@1.9.0_react-dom@19.1.1_react@19.1.1__react@19.1.1/node_modules/next/dist/client/components/globals/intercept-console-error.js:49
[ 2084922ms] [ERROR] ./components/ui/landing/Logo.tsx
Error: Failed to read source code from /Users/cinu/Desktop/myvibeproject/components/ui/landing/Logo.tsx

Caused by:
    No such file or directory (os error 2)

Import trace for requested module:
./components/ui/landing/Logo.tsx
./components/ui/landing/minimal/Navbar.tsx @ webpack-internal:///(app-pages-browser)/./node_modules/.pnpm/next@15.2.6_@babel+core@7.29.0_@opentelemetry+api@1.9.0_react-dom@19.1.1_react@19.1.1__react@19.1.1/node_modules/next/dist/client/components/globals/intercept-console-error.js:49
[ 2085207ms] [ERROR] ./components/ui/landing/Logo.tsx
Error: Failed to read source code from /Users/cinu/Desktop/myvibeproject/components/ui/landing/Logo.tsx

Caused by:
    No such file or directory (os error 2)

Import trace for requested module:
./components/ui/landing/Logo.tsx
./components/ui/landing/minimal/Navbar.tsx @ webpack-internal:///(app-pages-browser)/./node_modules/.pnpm/next@15.2.6_@babel+core@7.29.0_@opentelemetry+api@1.9.0_react-dom@19.1.1_react@19.1.1__react@19.1.1/node_modules/next/dist/client/components/globals/intercept-console-error.js:49
[ 2085512ms] [ERROR] ./components/ui/landing/Logo.tsx
Error: Failed to read source code from /Users/cinu/Desktop/myvibeproject/components/ui/landing/Logo.tsx

Caused by:
    No such file or directory (os error 2)

Import trace for requested module:
./components/ui/landing/Logo.tsx
./components/ui/landing/minimal/Navbar.tsx @ webpack-internal:///(app-pages-browser)/./node_modules/.pnpm/next@15.2.6_@babel+core@7.29.0_@opentelemetry+api@1.9.0_react-dom@19.1.1_react@19.1.1__react@19.1.1/node_modules/next/dist/client/components/globals/intercept-console-error.js:49
[ 2085810ms] [ERROR] ./components/ui/landing/Logo.tsx
Error: Failed to read source code from /Users/cinu/Desktop/myvibeproject/components/ui/landing/Logo.tsx

Caused by:
    No such file or directory (os error 2)

Import trace for requested module:
./components/ui/landing/Logo.tsx
./components/ui/landing/minimal/Navbar.tsx @ webpack-internal:///(app-pages-browser)/./node_modules/.pnpm/next@15.2.6_@babel+core@7.29.0_@opentelemetry+api@1.9.0_react-dom@19.1.1_react@19.1.1__react@19.1.1/node_modules/next/dist/client/components/globals/intercept-console-error.js:49
[ 2086111ms] [ERROR] ./components/ui/landing/Logo.tsx
Error: Failed to read source code from /Users/cinu/Desktop/myvibeproject/components/ui/landing/Logo.tsx

Caused by:
    No such file or directory (os error 2)

Import trace for requested module:
./components/ui/landing/Logo.tsx
./components/ui/landing/minimal/Navbar.tsx @ webpack-internal:///(app-pages-browser)/./node_modules/.pnpm/next@15.2.6_@babel+core@7.29.0_@opentelemetry+api@1.9.0_react-dom@19.1.1_react@19.1.1__react@19.1.1/node_modules/next/dist/client/components/globals/intercept-console-error.js:49
[ 2086413ms] [ERROR] ./components/ui/landing/Logo.tsx
Error: Failed to read source code from /Users/cinu/Desktop/myvibeproject/components/ui/landing/Logo.tsx

Caused by:
    No such file or directory (os error 2)

Import trace for requested module:
./components/ui/landing/Logo.tsx
./components/ui/landing/minimal/Navbar.tsx @ webpack-internal:///(app-pages-browser)/./node_modules/.pnpm/next@15.2.6_@babel+core@7.29.0_@opentelemetry+api@1.9.0_react-dom@19.1.1_react@19.1.1__react@19.1.1/node_modules/next/dist/client/components/globals/intercept-console-error.js:49
[ 2086868ms] [ERROR] ./components/ui/landing/Logo.tsx
Error: Failed to read source code from /Users/cinu/Desktop/myvibeproject/components/ui/landing/Logo.tsx

Caused by:
    No such file or directory (os error 2)

Import trace for requested module:
./components/ui/landing/Logo.tsx
./components/ui/landing/minimal/Navbar.tsx @ webpack-internal:///(app-pages-browser)/./node_modules/.pnpm/next@15.2.6_@babel+core@7.29.0_@opentelemetry+api@1.9.0_react-dom@19.1.1_react@19.1.1__react@19.1.1/node_modules/next/dist/client/components/globals/intercept-console-error.js:49
